-> urun yukleniyor
-> shot 1 zaten var, atlaniyor
-> shot 2 (medium_collar, 2:3, 2 referans)
    . generating (0s)
    . success (79s)
  + 02_medium_collar.png  (1963 KB)
-> shot 3 (detail_texture, 1:1, 2 referans)
    . generating (1s)
    . success (74s)
  + 03_detail_texture.png  (2574 KB)
-> shot 4 (back_view, 2:3, 2 referans)
    . generating (0s)
    . success (96s)
  + 04_back_view.png  (2069 KB)
-> shot 5 (pdp_front, 3:4, 2 referans)
    . generating (0s)
    . success (68s)
  + 05_pdp_front.png  (1538 KB)
-> shot 6 (pdp_three_quarter, 3:4, 2 referans)
    . generating (0s)
